2026-06-08 22:53:22 [com.beatsequencer.Server.main()] INFO  com.beatsequencer.Database - Database initialized successfully
2026-06-08 22:53:22 [com.beatsequencer.Server.main()] INFO  io.javalin.Javalin - Starting Javalin ...
2026-06-08 22:53:22 [com.beatsequencer.Server.main()] INFO  org.eclipse.jetty.server.Server - jetty-11.0.20; built: 2024-01-29T21:04:22.394Z; git: 922f8dc188f7011e60d0361de585fd4ac4d63064; jvm 26.0.1
2026-06-08 22:53:22 [com.beatsequencer.Server.main()] ERROR io.javalin.Javalin - Failed to start Javalin
2026-06-08 22:53:22 [com.beatsequencer.Server.main()] INFO  org.eclipse.jetty.server.Server - Stopped Server@6214a6f4{STOPPING}[11.0.20,sto=0]
2026-06-08 22:55:10 [com.beatsequencer.Server.main()] INFO  com.beatsequencer.Database - Database initialized successfully
2026-06-08 22:55:10 [com.beatsequencer.Server.main()] INFO  io.javalin.Javalin - Starting Javalin ...
2026-06-08 22:55:10 [com.beatsequencer.Server.main()] INFO  org.eclipse.jetty.server.Server - jetty-11.0.20; built: 2024-01-29T21:04:22.394Z; git: 922f8dc188f7011e60d0361de585fd4ac4d63064; jvm 26.0.1
2026-06-08 22:55:10 [com.beatsequencer.Server.main()] ERROR io.javalin.Javalin - Failed to start Javalin
2026-06-08 22:55:10 [com.beatsequencer.Server.main()] INFO  org.eclipse.jetty.server.Server - Stopped Server@1b832ffe{STOPPING}[11.0.20,sto=0]
2026-06-08 22:56:03 [com.beatsequencer.Server.main()] INFO  com.beatsequencer.Database - Database initialized successfully
2026-06-08 22:56:03 [com.beatsequencer.Server.main()] INFO  io.javalin.Javalin - Starting Javalin ...
2026-06-08 22:56:03 [com.beatsequencer.Server.main()] INFO  org.eclipse.jetty.server.Server - jetty-11.0.20; built: 2024-01-29T21:04:22.394Z; git: 922f8dc188f7011e60d0361de585fd4ac4d63064; jvm 26.0.1
2026-06-08 22:56:03 [com.beatsequencer.Server.main()] INFO  o.e.j.s.s.DefaultSessionIdManager - Session workerName=node0
2026-06-08 22:56:03 [com.beatsequencer.Server.main()] INFO  o.e.j.server.handler.ContextHandler - Started o.e.j.s.ServletContextHandler@5fffc02a{/,null,AVAILABLE}
2026-06-08 22:56:03 [com.beatsequencer.Server.main()] INFO  o.e.jetty.server.AbstractConnector - Started ServerConnector@459b3ad2{HTTP/1.1, (http/1.1)}{0.0.0.0:7001}
2026-06-08 22:56:03 [com.beatsequencer.Server.main()] INFO  org.eclipse.jetty.server.Server - Started Server@41de1a85{STARTING}[11.0.20,sto=0] @1117ms
2026-06-08 22:56:03 [com.beatsequencer.Server.main()] INFO  io.javalin.Javalin - 
       __                  ___           _____
      / /___ __   ______ _/ (_)___      / ___/
 __  / / __ `/ | / / __ `/ / / __ \    / __ \
/ /_/ / /_/ /| |/ / /_/ / / / / / /   / /_/ /
\____/\__,_/ |___/\__,_/_/_/_/ /_/    \____/

       https://javalin.io/documentation

2026-06-08 22:56:03 [com.beatsequencer.Server.main()] INFO  io.javalin.Javalin - Javalin started in 53ms \o/
2026-06-08 22:56:03 [com.beatsequencer.Server.main()] INFO  io.javalin.Javalin - Listening on http://localhost:7001/
2026-06-08 22:56:03 [com.beatsequencer.Server.main()] INFO  io.javalin.Javalin - You are running Javalin 6.1.3 (released March 2, 2024. Your Javalin version is 828 days old. Consider checking for a newer version.).
2026-06-08 22:56:03 [com.beatsequencer.Server.main()] INFO  com.beatsequencer.Server - Beat Sequencer server started on port 7000
2026-06-08 22:57:17 [com.beatsequencer.Server.main()] INFO  com.beatsequencer.Database - Database initialized successfully
2026-06-08 22:57:17 [com.beatsequencer.Server.main()] INFO  io.javalin.Javalin - Starting Javalin ...
2026-06-08 22:57:17 [com.beatsequencer.Server.main()] INFO  org.eclipse.jetty.server.Server - jetty-11.0.20; built: 2024-01-29T21:04:22.394Z; git: 922f8dc188f7011e60d0361de585fd4ac4d63064; jvm 26.0.1
2026-06-08 22:57:17 [com.beatsequencer.Server.main()] INFO  o.e.j.s.s.DefaultSessionIdManager - Session workerName=node0
2026-06-08 22:57:17 [com.beatsequencer.Server.main()] INFO  o.e.j.server.handler.ContextHandler - Started o.e.j.s.ServletContextHandler@5e3a832f{/,null,AVAILABLE}
2026-06-08 22:57:17 [com.beatsequencer.Server.main()] INFO  o.e.jetty.server.AbstractConnector - Started ServerConnector@589791e7{HTTP/1.1, (http/1.1)}{0.0.0.0:7001}
2026-06-08 22:57:17 [com.beatsequencer.Server.main()] INFO  org.eclipse.jetty.server.Server - Started Server@d41f292{STARTING}[11.0.20,sto=0] @1214ms
2026-06-08 22:57:17 [com.beatsequencer.Server.main()] INFO  io.javalin.Javalin - 
       __                  ___           _____
      / /___ __   ______ _/ (_)___      / ___/
 __  / / __ `/ | / / __ `/ / / __ \    / __ \
/ /_/ / /_/ /| |/ / /_/ / / / / / /   / /_/ /
\____/\__,_/ |___/\__,_/_/_/_/ /_/    \____/

       https://javalin.io/documentation

2026-06-08 22:57:17 [com.beatsequencer.Server.main()] INFO  io.javalin.Javalin - Javalin started in 48ms \o/
2026-06-08 22:57:17 [com.beatsequencer.Server.main()] INFO  io.javalin.Javalin - Listening on http://localhost:7001/
2026-06-08 22:57:17 [com.beatsequencer.Server.main()] INFO  io.javalin.Javalin - You are running Javalin 6.1.3 (released March 2, 2024. Your Javalin version is 828 days old. Consider checking for a newer version.).
2026-06-08 22:57:17 [com.beatsequencer.Server.main()] INFO  com.beatsequencer.Server - Beat Sequencer server started on port 7000
2026-06-08 22:57:37 [JettyServerThreadPool-57] INFO  com.beatsequencer.Server - GET /patterns - returned 0 patterns
2026-06-08 23:00:31 [JettyServerThreadPool-58] INFO  com.beatsequencer.Server - GET /patterns - returned 0 patterns
2026-06-08 23:00:48 [JettyServerThreadPool-53] INFO  com.beatsequencer.Server - POST /patterns - created pattern 'my first beat' with id 1
2026-06-08 23:00:54 [JettyServerThreadPool-63] INFO  com.beatsequencer.Server - GET /patterns - returned 1 patterns
2026-06-08 23:02:28 [JettyServerThreadPool-58] INFO  com.beatsequencer.Server - GET /patterns - returned 1 patterns
2026-06-08 23:02:47 [JettyServerThreadPool-54] INFO  com.beatsequencer.Server - POST /patterns - created pattern 'my second beat' with id 2
2026-06-08 23:18:26 [JettyServerThreadPool-55] INFO  com.beatsequencer.Server - POST /patterns - created pattern 'New Pattern' with id 3
2026-06-08 23:32:53 [JettyServerThreadPool-51] INFO  com.beatsequencer.Server - POST /patterns - created pattern 'Groove 01' with id 4
2026-06-08 23:34:01 [JettyServerThreadPool-52] INFO  com.beatsequencer.Server - PUT /patterns/1/beats - updated 2 beats
2026-06-08 23:45:23 [JettyServerThreadPool-65] INFO  com.beatsequencer.Server - GET /patterns - returned 4 patterns
2026-06-08 23:45:25 [JettyServerThreadPool-63] INFO  com.beatsequencer.Server - GET /patterns/4/beats - returned 0 beats
2026-06-08 23:45:29 [JettyServerThreadPool-52] INFO  com.beatsequencer.Server - GET /patterns - returned 4 patterns
2026-06-08 23:45:31 [JettyServerThreadPool-63] INFO  com.beatsequencer.Server - GET /patterns/1/beats - returned 2 beats
2026-06-09 00:03:52 [JettyServerThreadPool-53] INFO  com.beatsequencer.Server - POST /patterns - created pattern 'Groove 01' with id 5
2026-06-09 00:03:52 [JettyServerThreadPool-65] INFO  com.beatsequencer.Server - PUT /patterns/5/beats - updated 64 beats
